generation 0, population 8
............
..#.........
...#........
.###........
............
.......###..
............
............
generation 1, population 8
............
............
.#.#........
..##........
..#.....#...
........#...
........#...
............
generation 2, population 8
............
............
...#........
.#.#........
..##........
.......###..
............
............
generation 3, population 8
............
............
..#.........
...##.......
..##....#...
........#...
........#...
............
generation 4, population 8
............
............
...#........
....#.......
..###.......
.......###..
............
............
population stayed at 8: true
